exports[`test App renders correctly 1`] = `
<div
  className="App">
  <div
    className="App-header">
    <h2>
      Welcome to React
    </h2>
  </div>
  <div>
    <div>
      some text
    </div>
    <div>
      <div>
        some text
      </div>
    </div>
  </div>
</div>
`;
